// Jest Snapshot v1, https://goo.gl/fbAQLP

exports[`index exports all exports should match snapshot 1`] = `
Object {
  "default": "hello world",
}
`;

exports[`index exports default export should match snapshot 1`] = `"hello world"`;
